abackable032
abackmaple704
abaftbeef859
abaftoboe654
abjectbutane530
abjectpacket218
ablazebull104
ablazeosmium851
ablecalf008
ablequince285
aboarddavid565
aboardrodent597
abovedesk857
abovesheep895
abruptelephant949
abruptshow072
absenteditor062
absentshield003
absurddry622
absurdshadow132
achingdraw364
achingsecret071
acidfalce822
acidtax774
acidicgulper256
acidicterrain777
acridhen094
acridvideo537
activejackal922
activevermin356
actualinput852
actualunit985
acutejury687
acutezero789
addedmallet372
adeptbeast419
adeptnumber147
adhoccamel395
adhocpiracy393
adoredclover419
adoredpolo844
afraidclave517
afraidplot919
agedcolon206
agedsearch039
agilefence752
agilestone057
agreedfuscia327
agreedstory956
aheadglue552
aheadtom038
ajarkevin935
alertbagel270
alertmusic656
alikebroker431
alikepen654
aliveclave364
aliveradio822
alldrum379
alltim479
alliedhockey286
alliedtrack374
aloneinput409
alonewhip387
alooflinen313
ampleavenue312
amplemouth072
amuckbrass959
amuckpath362
amusedcheetah448
amusedpike620
ancientcast488
ancientonion515
angryblenny698
angryounce125
annualcarol381
annualpastor172
antiquebush364
antiquenic960
antiquetbangu715
antiquetlark501
antiquettuba744
antsyiodine910
antsywillow057
anynose122
aptcrate912
aptsprout505
aquahorror995
aquazephyr263
aquaticjump913
aquaticturkey144
arablan153
arcticbanker453
arcticmenu739
aridbanker611
aridpansy805
armedcobweb042
armedrecord336
asiandiamond647
asianshiner648
asleepemery481
asleepshrub552
astralegg636
astralshoal488
atomicdust161
atomicshare625
auralemery143
auralspain099
awakegarage112
awaketext852
awarehose957
awarewaiter111
awfullathe865
babyapril804
babynylon562
backcity758
backrule0
badfox774
badwedge445
baggyline375
bakedautomobile591
bakedmouse179
barebrush006
barepower849
barrencuban771
barrenrelish790
basicdancer072
basicscup345
battyepoch556
battysphynx209
bawdygauge389
bawdythrill855
beefyhuchen476
beefywar452
bentman197
bestbreak772
bestporch374
bettercrop242
betterraven769
bigdonna196
bigtendon928
bitinghead780
bitingtitle528
bitterhall350
bitterticket749
blackhorn385
blackvolume758
blandlarch262
blankanswer398
blankmile877
bleakboar124
bleakowner717
blindcereal824
blindpound260
blondcream135
blondruth718
blondedoll709
blondesauce801
bloodydinner245
bloodysalary880
blueedward527
bluesummer157
bogushandle260
bogusumbrella191
boldlimit535
bonybison210
bonypiece356
boredcourse388
boredrubber480
boringdiscus236
boringsalmon745
bossydory654
bossyskates054
bothgander003
bothtv998
bottleindex825
bottleuganda333
bottledharp356
bottledsyrup831
bottomgame279
bottomstreet4
bouncyfront062
bouncystitch7
bowedgiant205
bowedtin099
brainyhash681
brainytin502
brashhubcap643
brashwalu455
bravelead328
brawnyapril637
brawnylow739
breezeangle707
breezeloaf545
breezyairbus918
breezylink332
briefaction243
briefmarch646
brightbeauty510
brightmola371
briskbean642
brisknova360
broadcake538
broadpink567
brokencloud007
brokenpolice389
bronzeclass010
bronzepleco351
brownclose477
brownrain076
bubblycurtain218
bubblyresult173
bulkydarter692
bulkyseat362
bumpyerror428
bumpysponge828
burlygender310
burlytide537
bustyibex410
bustywaste548
busymap584
calmbrick867
calmpot646
candidcrown913
candidrecord293
caninecrayon796
canineram984
caringcougar798
caringracing550
casualcopper675
casualquartz742
causalcolumn551
causalpuma490
charmingchub378
charmingokapi706
cheapbanjo004
cheapneon730
cheekybridge406
cheekyokra972
cheerfulbomber844
cheerfulmagnolia351
cheerfulway053
cheeryjet826
cheeryvision671
chiefkudzu351
chillyamago547
chillyliver350
chosenage713
chosenlimit957
chosenzone521
chubbyletter837
chubbyyogurt521
chummylawyer461
chummywrench082
chunkylake961
chunkywombat841
civicllama912
civilbait5
civilnail334
clammybrass023
clammyoboe461
classybottom591
classynose967
cleanbottom111
cleanparade069
clearchief237
clearpup895
cleavercomma562
cleaverpitch557
clevercare864
cleverpaste676
closecartoon717
closepocket386
closedcoke397
closedprison541
cloudycobalt287
cloudypossum733
clumsycloset290
clumsypoland609
coarsecivet177
coarseplaty518
coldcoil049
coldschool899
comingelver176
comingshrew247
commonedward104
commonshiner045
cooingdryer786
cooingshake186
cookeddrawer487
cookedsecure114
coolfamily164
cooltea195
coppergum367
coppertest919
cornyherd450
cornyview786
costlyjacket965
costlyverse424
crabbyinsect904
crabbyuser241
craftyilisha970
craftyturtle970
cravenhuman499
craventruth769
crazyjargon442
crazyword534
creamykorean692
creamywish574
creepykiss577
creepywhiff202
crisplily100
crispyatom541
crispymall040
crudearmy047
crudemola542
cruelborder826
cruelpansy622
cuddlycello036
cuddlyperch713
curlychain140
curlypowen670
curvedcopy364
curvedqueen411
curvycount763
curvyrub837
cutfield833
cutveil876
cutelump555
cyanbotany173
cyanplay863
dailycurium096
dailysauce129
dampfax081
dampten892
dapperhail239
dapperthroat021
daringguilt764
daringtent244
darkisrael404
deadanime421
deadnote026
deadlycause626
deadlypen727
deafcherry800
deafrock417
dearfall148
deartaxi135
decentgulper518
decenttest018
deepjack797
deeplyanimal328
deeplylocket458
delightfulairbus009
delightfulhamlet068
delightfulsight932
densedevil654
denseshell825
dentalemail804
dentalshrimp821
dimgander903
dimwombat098
directkoodoo912
directwire681
dirtylisa524
dismalbabies438
dismalmarch337
divineatm620
divinemale148
dizzyarmor151
dizzymohawk637
dopeyboot990
dopeypanda730
dotingcellar254
dotingpepper888
dottedcash941
dottedpea786
doublecanvas511
doubleparrot515
downcell829
downremora772
drabend046
drabsycamore527
draftygray146
draftytax237
drearygod161
drearytalk007
droopygila945
droopyswiss413
drunkgrouse477
drunktruck536
dryman464
dualcat068
dualraven434
duefear666
dueumbrella262
dulllocket069
dustyblenny978
dustyounce425
dutchcell868
dutchport198
dyingcoyote122
dyingrule325
dynamicdeer418
dynamicraft075
eachcrack032
eachshorts454
eagerflour083
eagerswitch706
earlyhakea203
earlytwine084
earthyiguana401
earthyturret402
eastleek910
easybeer811
easypencil254
ediblecock954
ediblepowder462
eeriecolon415
eerierice087
eightdisk807
eightshrimp994
elatedeurope900
elatedsister904
eldestemery761
eldestshrub832
elegantdragon457
elegantroll042
elfindace039
elfinscat456
eliteemery443
elitespain399
emeraldfelony189
emeraldshears955
emptydugong484
emptysmile761
entirefilm217
entiresoda005
equalfold147
equaltable160
erecthandle911
erectumbrella765
ethnicinch582
ethnictwist948
evenleo236
everybee773
everyoat636
evilcast019
evilratio472
exactdot429
exactskates705
excessfather061
excessslide606
excitededger650
excitedsalad204
exoticdad822
exoticright312
expertcuban580
expertrelish611
extradance881
extrascup125
fadedepoch352
fadedsphynx018
faintgauge184
faintthrill664
fairjudge811
fakeaudio099
fakeoption587
falsecircle568
falsequiver324
famouscrop038
famousraven578
fancycurve801
fancysaw125
farforce468
farwatch267
fastmarten301
fatbutter103
fatrush637
fatalfemale308
fatalstitch601
faultyfund815
faultystorm562
fearlessfamily384
fearlessrule741
feeblecouch032
feebleraccoon744
feistycony830
feistyquail980
felinecolor710
felinepuffin606
fellowcoconut510
fellowpower045
femaleclub478
femalepond988
festivechin961
festiveparade547
fewcactus015
fewruth809
fickleenemy515
ficklesight519
fierceegypt518
fierceshoe415
fieryexit347
fierysprat710
filthyform955
filthysquid894
finalgarlic012
finalthing828
finejohn341
firmaster612
firmonion137
firstchurch812
firstquill320
fiscalcrib299
fiscalrap560
fitdolphin656
fittemper987
fivekaluga5
fixedayu474
fixedmove233
flakybread022
flakypatio552
flashychef471
flashypile764
flatclef455
flatsabalo814
flaweddry893
flawedshadow352
flimsydraw616
flimsysecret291
floppydoor402
floppyscene246
fluffydock478
fluffysanta921
fluiddrain311
fluidskunk554
flyingfear733
flyingslum233
foamyflamingo179
foamysun787
fondhose236
fondzero474
forkedlemon720
forkedyard195
formallatex252
formalwork918
fourminute615
fragilebreeze086
fragilemove427
frailbadge315
frailmurder924
frankbrian651
frankpeanut565
frayedchick757
frayedpine240
freeclose632
freesale087
frencheagle284
frenchshark693
freshend335
freshspam262
friedgarden179
friedtheory940
friendlyfridge537
friendlyshot093
frigiddirt677
frigidsaliva345
frillydevice784
frillyrush108
frizzydeck899
frizzyrosebud863
frontdime320
frontshock468
frostyengine064
frostysilica194
frothyeland138
frothyshore142
frozenearth880
frozensheep011
frugaldrone345
frugalserver958
fullfaucet482
fulltempo197
funlevel155
funnybrass706
funnypath089
furrycinema432
furryquince053
fussydancer677
fussysea037
futuredrum432
futureshade072
fuzzyelder342
fuzzysort785
gamygray287
gamywalk022
gapingjoseph601
gapingwaiter096
gaudylan736
gayaoudad943
gaypepper374
gentlecoyote845
gentleraid682
germancorset911
germanrabbi774
giantcrack721
giantrussia160
giddydry139
giddysmash578
giftedfight167
giftedsoccer034
giganticdrop515
giganticratio539
givencobia800
givenrecord099
givingdanger766
givingroach754
gladdollar825
gladspring313
glassgrade942
glasstower246
glibkoala157
globalballoon272
globalmay205
gloomybaboon922
gloomymare986
glossyattack295
glossymall845
glumash902
glumold434
godlychrome542
godlyqueen030
golddevice168
goldsorrow016
goldenformat699
goldensquirrel568
goodground794
goodwasp998
goofylevel097
gothicarmy545
gothiclyric782
gracefulankle980
gracefuljewel559
gracefulthroat126
grandharp522
grandunit161
gratefulgrill140
gratefulsound312
gratiseon726
gratissilk823
gravefaucet280
gravesteel686
grayhat081
graywitch135
greamimosa621
greasybrown660
greasyopah639
greatbubble008
greatpepper100
greedychip889
greedypirate215
greekcircle052
greekquit787
greendaniel297
greenseal993
greyfilly692
greythroat991
grimkaren437
grimybaby958
grimymule753
grittyboy757
grittynuke922
groovybook562
groovyniece595
grossbonsai542
grosspalm188
growncheese720
grownpruner004
grubbycotton555
grubbyraccoon288
grumpycony277
grumpyquail464
guiltycolor194
guiltypuffin122
gummycony497
gummyrock526
gustydonna724
gustysitter028
hairyflat521
hairysusan076
halfhouse273
halfzipper242
handymantra116
happybed085
happynylon964
hardcase338
hardrat815
harshdorado868
harshskate309
hastyflesh691
hastyswan227
headhuchen677
headzoo662
headymaple403
heartybeard317
heartymob138
heavybeach065
heavynorth883
heftycable112
heftypine305
helpcorn901
helpshark124
helpfuledward058
helpfulsalary647
hiddendaisy354
hiddenring959
highdock214
highspoon034
hoarsefrown287
hoarsestool222
hollowframe492
hollowstate090
holyguide872
holyway560
homelykalium714
homelywater224
honmusk514
honestcherry802
honestpilot188
hornychin555
hornypyjama304
hotdorab014
hottenor571
hugekendo853
humanbadge266
humanmurder878
humblebrain008
humblenurse952
hungryborder703
hungrynine734
hurtbrain052
hurtpoison399
hushedcrayon574
hushedram711
huskycry730
huskysanta077
ickyfat564
ickyteller505
icylentil023
idealbrand091
idealpastor512
idlecloud880
idlesalt355
illfund094
illwindow903
imaginaryhail292
imaginarysmell836
impishdragon788
impishsearch604
impuredonald728
impuresax280
inborndish618
inbornsampan167
incfear542
incumbrella171
indianissue341
indianveil798
inlandindium196
inlandumbrella567
innateide167
innateturkey451
innerjerboa559
innerwrist549
intactland411
intactwood986
intentkoala050
intentwindow740
invisiblegum873
invisibleslide721
iraqieast240
iraqisnow269
iratefreon992
irateteam007
irishhelp808
irishvicuna387
itchyknight478
jadealley577
jadenews530
jadedcement317
jadedpossum677
jaggedconga593
jaggedpyjama875
jauntycolon596
jauntypruner562
jazzyconga676
jazzyrobert723
jewishdesire088
jewishruffe098
jointdisk159
jointshrimp432
jollyfilm366
jollystring677
jovialgate103
jovialsuede569
joyfulfur115
joyfulstorm842
joyousfrench915
joyousstem688
juicygeorge703
juicytiger199
jumboicicle076
jumbowater032
jumpylenok923
junioraries405
juniorlycra679
justapril479
justnylon237
keencity406
keenrule648
keyfox352
keywedge093
kindmeal848
kindlybrandy462
kindlyobject843
klutzybottom023
klutzynose317
knobbybomber215
knobbynet965
knottyblock769
knottynapkin724
knownbleak553
knownother939
kookycelery358
kookyporch698
koreancomic837
koreanpurple032
koshercoin755
kosherprint978
labourcoati708
labourpossum164
lamecorner761
lamesharon032
lankyfix783
lankysulfur448
largeguilty132
largetruth239
lastleaf165
latebeef065
latepeen476
latincone765
latinroast882
lavishdesign308
lavishrudd212
lawfuldeath264
lawfulroof071
lazydoubt408
lazystate864
leafygrill566
leafytrial519
leanlaptop421
leftbeam054
leftpastry542
legalcolony992
legalriddle748
lesserdecade176
lesserrose205
lethaldanio728
lethalroast866
leveldelete771
levelshame924
lewdfloat775
lewdtomato565
liablehip258
liabletown241
lightiniom177
lightwheel272
likemay786
likelybrand660
likelyobject054
limebrow703
limepowen562
limpdisk337
limpspike303
linearfrog773
linearstitch742
linedghoul912
linedtimer792
liquidhash379
liquidtin177
littlehail094
littlethrill903
livejason356
livelyapril355
livelylow414
lividangora226
lividmexico588
livingbird636
livingmullet812
localbike469
localopera679
lonechain085
lonerhythm5
lonelydock380
lonelysanta831
longelder911
longsweets332
loosehealth288
loosevalue621
lostlisa111
loudblood631
loudpin917
lovelycongo851
lovelyquail048
lovingcolony801
lovingpublic741
lowdanger266
lowstuff174
lowlyheat477
lowlyvault972
loyalkid911
ltdage522
ltdparent995
luckycreek003
luckysack653
lumpydugout651
lumpysnail004
lunarframe819
lunartask364
lushiraq353
lyingangel791
lyingmenu028
machoblast263
machoosmium673
madcirrus323
madsight403
madlyfund869
madlytendon708
magichome378
magicvirus086
magicalhose290
magicaltenuis604
maininch847
majorairplane230
majormath019
maleblast912
malepillow117
maniccoyote457
manicrule711
manualdiving994
manualsanta460
manyelder483
manyswan932
marinegrade590
marinetapir457
markedglove929
markedsystem305
masshorse694
masszephyr921
maturelemon259
matureyam686
meagerlark784
meagerwork424
mealyloss016
meanbar332
meanpantry469
measlyclave290
measlyplot676
meatycloth849
meatyram769
mediumcut453
mediumrhino330
meekdinner440
meeksparrow808
mellowfreon797
mellowstep640
melodicfight510
melodicshop606
melteddouble470
meltedscup038
mentaldollar662
mentalsauger729
mereemery463
meresycamore052
merryhedge685
merryvelvet326
messykiss170
midair054
midpart659
middlecore063
middlequiet5
mightycomedy814
mightypunch872
mildcrook854
mildsign411
milkyfood755
milkytaimen610
minorhash496
minoruse145
mintykayak078
